// Jest Snapshot v1, https://goo.gl/fbAQLP

exports[`TopPanel with "withBack" prop set to true or unset should render properly 1`] = `
<div>
  <div
    class="bg-main h-16 w-full text-textLight flex flex-row flex-nowrap items-center justify-between p-2 shadow-sm fixed z-50"
  >
    <button
      class="transition duration-150 hover:shadow-lg focus:shadow-lg focus:ring ring-accent disabled:opacity-50 p-2 rounded inline-flex justify-center items-center    "
      title="Go back"
      type="button"
    >
      <svg
        fill="currentColor"
        height="24"
        stroke="currentColor"
        stroke-width="0"
        viewBox="0 0 512 512"
        width="24"
        xmlns="http://www.w3.org/2000/svg"
      >
        <path
          d="M244 400L100 256l144-144M120 256h292"
          fill="none"
          stroke-linecap="round"
          stroke-linejoin="round"
          stroke-width="48"
        />
      </svg>
    </button>
    <button
      class="transition duration-150 hover:shadow-lg focus:shadow-lg focus:ring ring-accent disabled:opacity-50 p-2 rounded inline-flex justify-center items-center    "
      title="Select Date Range"
      type="button"
    >
      <svg
        fill="currentColor"
        height="24"
        stroke="currentColor"
        stroke-width="0"
        viewBox="0 0 24 24"
        width="24"
        xmlns="http://www.w3.org/2000/svg"
      >
        <path
          d="M4 11H16V13H4zM4 6H20V8H4zM4 18L11 18 11.235 18 11.235 16 11 16 4 16z"
        />
      </svg>
    </button>
    <div
      class="flex-1 h-full"
    >
      <img
        alt="Billy"
        class="h-6 object-contain"
        src="logo_white.png"
      />
      <div
        class="text-sm px-1"
      >
        All Accounts
      </div>
    </div>
    <button
      class="transition duration-150 hover:shadow-lg focus:shadow-lg focus:ring ring-accent disabled:opacity-50 p-2 rounded inline-flex justify-center items-center    "
      title="Menu"
      type="button"
    >
      <svg
        fill="currentColor"
        height="24"
        stroke="currentColor"
        stroke-width="0"
        viewBox="0 0 20 20"
        width="24"
        xmlns="http://www.w3.org/2000/svg"
      >
        <path
          d="M10 6a2 2 0 110-4 2 2 0 010 4zM10 12a2 2 0 110-4 2 2 0 010 4zM10 18a2 2 0 110-4 2 2 0 010 4z"
        />
      </svg>
    </button>
  </div>
</div>
`;
